[08:38:39][Info]: Remember! Quit the server by using 'Control + C' so a backup is properly made before closing!
[08:38:39][Info]: Documentation available at https://github.com/LunaMultiplayer/LunaMultiplayer/wiki
[08:38:40][LMP]: Luna Server version: 0.29.1 (E:\daima\ml\tools\lmp_server\LMPServer\)
[08:38:40][Debug]: Loading universe... 0.62KB
[08:38:40][Debug]: Loading groups...
[08:38:40][Debug]: Loading settings...
[08:38:40][Fatal]: Error while trying to read E:\daima\ml\tools\lmp_server\LMPServer\Config\WarpSettings.xml. Default settings will be used. Please remove the file so a new one can be generated
[08:38:40][Info]: Your GameplaySettings file is different than your GeneralSettings - Difficulty value. So the difficulty setting will be set as "Custom". In case you want to use the default setting values for Normal. Remove the GameplaySettings.xml file so it's recreated again
[08:38:40][Debug]: Loading mod control...
[08:38:40][Debug]: Loading plugins...
[08:38:40][LMP]: Starting 'KSP LMP Server' on Address [::] Port 8800... 
[08:38:45][LMP]: Master server registration is active
[08:38:45][LMP]: All systems up and running. Поехали!
[08:38:47][Debug]: Detected NAT addresses: 
[08:39:15][Warning]: There is a new version of LMP! Please download it! Current: 0.29.1 Latest: 0.29.2
[08:39:15][Debug]: Your version is compatible with the latest version so you will still be listed in the master servers.
[08:39:45][Warning]: There is a new version of LMP! Please download it! Current: 0.29.1 Latest: 0.29.2
[08:39:45][Debug]: Your version is compatible with the latest version so you will still be listed in the master servers.
[08:40:15][Warning]: There is a new version of LMP! Please download it! Current: 0.29.1 Latest: 0.29.2
[08:40:15][Debug]: Your version is compatible with the latest version so you will still be listed in the master servers.
[08:40:45][Warning]: There is a new version of LMP! Please download it! Current: 0.29.1 Latest: 0.29.2
[08:40:45][Debug]: Your version is compatible with the latest version so you will still be listed in the master servers.
[08:41:15][Warning]: There is a new version of LMP! Please download it! Current: 0.29.1 Latest: 0.29.2
[08:41:15][Debug]: Your version is compatible with the latest version so you will still be listed in the master servers.
[08:41:45][Warning]: There is a new version of LMP! Please download it! Current: 0.29.1 Latest: 0.29.2
[08:41:45][Debug]: Your version is compatible with the latest version so you will still be listed in the master servers.
[08:42:15][Warning]: There is a new version of LMP! Please download it! Current: 0.29.1 Latest: 0.29.2
[08:42:15][Debug]: Your version is compatible with the latest version so you will still be listed in the master servers.
