[09:27:03][Info]: Remember! Quit the server by using 'Control + C' so a backup is properly made before closing!
[09:27:03][Info]: Documentation available at https://github.com/LunaMultiplayer/LunaMultiplayer/wiki
[09:27:03][LMP]: Luna Server version: 0.29.1 (e:\daima\ml\tools\lmp_server\LMPServer\)
[09:27:03][Debug]: Loading universe... 0.62KB
[09:27:03][Debug]: Loading groups...
[09:27:03][Debug]: Loading settings...
[09:27:03][Fatal]: Error while trying to read e:\daima\ml\tools\lmp_server\LMPServer\Config\WarpSettings.xml. Default settings will be used. Please remove the file so a new one can be generated
[09:27:03][Info]: Your GameplaySettings file is different than your GeneralSettings - Difficulty value. So the difficulty setting will be set as "Custom". In case you want to use the default setting values for Normal. Remove the GameplaySettings.xml file so it's recreated again
[09:27:03][Debug]: Loading plugins...
[09:27:03][LMP]: Starting 'Test Server Name' on Address [::] Port 8801... 
[09:27:08][LMP]: All systems up and running. Поехали!
[09:27:08][LMP]: Master server registration is active
[09:27:10][Debug]: Detected NAT addresses: 
[09:27:30][LMP]: End of stdin, stopping command listener
[09:27:38][Warning]: There is a new version of LMP! Please download it! Current: 0.29.1 Latest: 0.29.2
[09:27:38][Debug]: Your version is compatible with the latest version so you will still be listed in the master servers.
[09:28:08][Warning]: There is a new version of LMP! Please download it! Current: 0.29.1 Latest: 0.29.2
[09:28:08][Debug]: Your version is compatible with the latest version so you will still be listed in the master servers.
[09:28:38][Warning]: There is a new version of LMP! Please download it! Current: 0.29.1 Latest: 0.29.2
[09:28:38][Debug]: Your version is compatible with the latest version so you will still be listed in the master servers.
[09:29:08][Warning]: There is a new version of LMP! Please download it! Current: 0.29.1 Latest: 0.29.2
[09:29:08][Debug]: Your version is compatible with the latest version so you will still be listed in the master servers.
[09:29:38][Warning]: There is a new version of LMP! Please download it! Current: 0.29.1 Latest: 0.29.2
[09:29:38][Debug]: Your version is compatible with the latest version so you will still be listed in the master servers.
[09:30:08][Warning]: There is a new version of LMP! Please download it! Current: 0.29.1 Latest: 0.29.2
[09:30:08][Debug]: Your version is compatible with the latest version so you will still be listed in the master servers.
[09:30:38][Warning]: There is a new version of LMP! Please download it! Current: 0.29.1 Latest: 0.29.2
[09:30:38][Debug]: Your version is compatible with the latest version so you will still be listed in the master servers.
[09:31:08][Warning]: There is a new version of LMP! Please download it! Current: 0.29.1 Latest: 0.29.2
[09:31:08][Debug]: Your version is compatible with the latest version so you will still be listed in the master servers.
[09:31:38][Warning]: There is a new version of LMP! Please download it! Current: 0.29.1 Latest: 0.29.2
[09:31:38][Debug]: Your version is compatible with the latest version so you will still be listed in the master servers.
[09:32:08][Warning]: There is a new version of LMP! Please download it! Current: 0.29.1 Latest: 0.29.2
[09:32:08][Debug]: Your version is compatible with the latest version so you will still be listed in the master servers.
[09:32:38][Warning]: There is a new version of LMP! Please download it! Current: 0.29.1 Latest: 0.29.2
[09:32:38][Debug]: Your version is compatible with the latest version so you will still be listed in the master servers.
[09:33:08][Warning]: There is a new version of LMP! Please download it! Current: 0.29.1 Latest: 0.29.2
[09:33:08][Debug]: Your version is compatible with the latest version so you will still be listed in the master servers.
[09:33:38][Warning]: There is a new version of LMP! Please download it! Current: 0.29.1 Latest: 0.29.2
[09:33:38][Debug]: Your version is compatible with the latest version so you will still be listed in the master servers.
[09:34:08][Warning]: There is a new version of LMP! Please download it! Current: 0.29.1 Latest: 0.29.2
[09:34:08][Debug]: Your version is compatible with the latest version so you will still be listed in the master servers.
[09:34:38][Warning]: There is a new version of LMP! Please download it! Current: 0.29.1 Latest: 0.29.2
[09:34:38][Debug]: Your version is compatible with the latest version so you will still be listed in the master servers.
[09:35:08][Warning]: There is a new version of LMP! Please download it! Current: 0.29.1 Latest: 0.29.2
[09:35:08][Debug]: Your version is compatible with the latest version so you will still be listed in the master servers.
[09:35:38][Warning]: There is a new version of LMP! Please download it! Current: 0.29.1 Latest: 0.29.2
[09:35:38][Debug]: Your version is compatible with the latest version so you will still be listed in the master servers.
[09:36:08][Warning]: There is a new version of LMP! Please download it! Current: 0.29.1 Latest: 0.29.2
[09:36:08][Debug]: Your version is compatible with the latest version so you will still be listed in the master servers.
[09:36:38][Warning]: There is a new version of LMP! Please download it! Current: 0.29.1 Latest: 0.29.2
[09:36:38][Debug]: Your version is compatible with the latest version so you will still be listed in the master servers.
[09:37:08][Warning]: There is a new version of LMP! Please download it! Current: 0.29.1 Latest: 0.29.2
[09:37:08][Debug]: Your version is compatible with the latest version so you will still be listed in the master servers.
[09:37:38][Warning]: There is a new version of LMP! Please download it! Current: 0.29.1 Latest: 0.29.2
[09:37:38][Debug]: Your version is compatible with the latest version so you will still be listed in the master servers.
[09:38:08][Warning]: There is a new version of LMP! Please download it! Current: 0.29.1 Latest: 0.29.2
[09:38:08][Debug]: Your version is compatible with the latest version so you will still be listed in the master servers.
[09:38:38][Warning]: There is a new version of LMP! Please download it! Current: 0.29.1 Latest: 0.29.2
[09:38:38][Debug]: Your version is compatible with the latest version so you will still be listed in the master servers.
[09:39:08][Warning]: There is a new version of LMP! Please download it! Current: 0.29.1 Latest: 0.29.2
[09:39:08][Debug]: Your version is compatible with the latest version so you will still be listed in the master servers.
[09:39:38][Warning]: There is a new version of LMP! Please download it! Current: 0.29.1 Latest: 0.29.2
[09:39:38][Debug]: Your version is compatible with the latest version so you will still be listed in the master servers.
[09:40:08][Warning]: There is a new version of LMP! Please download it! Current: 0.29.1 Latest: 0.29.2
[09:40:08][Debug]: Your version is compatible with the latest version so you will still be listed in the master servers.
[09:40:38][Warning]: There is a new version of LMP! Please download it! Current: 0.29.1 Latest: 0.29.2
[09:40:38][Debug]: Your version is compatible with the latest version so you will still be listed in the master servers.
[09:41:09][Warning]: There is a new version of LMP! Please download it! Current: 0.29.1 Latest: 0.29.2
[09:41:09][Debug]: Your version is compatible with the latest version so you will still be listed in the master servers.
[09:41:39][Warning]: There is a new version of LMP! Please download it! Current: 0.29.1 Latest: 0.29.2
[09:41:39][Debug]: Your version is compatible with the latest version so you will still be listed in the master servers.
[09:42:09][Warning]: There is a new version of LMP! Please download it! Current: 0.29.1 Latest: 0.29.2
[09:42:09][Debug]: Your version is compatible with the latest version so you will still be listed in the master servers.
[09:42:39][Warning]: There is a new version of LMP! Please download it! Current: 0.29.1 Latest: 0.29.2
[09:42:39][Debug]: Your version is compatible with the latest version so you will still be listed in the master servers.
[09:43:09][Warning]: There is a new version of LMP! Please download it! Current: 0.29.1 Latest: 0.29.2
[09:43:09][Debug]: Your version is compatible with the latest version so you will still be listed in the master servers.
[09:43:39][Warning]: There is a new version of LMP! Please download it! Current: 0.29.1 Latest: 0.29.2
[09:43:39][Debug]: Your version is compatible with the latest version so you will still be listed in the master servers.
[09:44:09][Warning]: There is a new version of LMP! Please download it! Current: 0.29.1 Latest: 0.29.2
[09:44:09][Debug]: Your version is compatible with the latest version so you will still be listed in the master servers.
[09:44:39][Warning]: There is a new version of LMP! Please download it! Current: 0.29.1 Latest: 0.29.2
[09:44:39][Debug]: Your version is compatible with the latest version so you will still be listed in the master servers.
[09:45:09][Warning]: There is a new version of LMP! Please download it! Current: 0.29.1 Latest: 0.29.2
[09:45:09][Debug]: Your version is compatible with the latest version so you will still be listed in the master servers.
[09:45:39][Warning]: There is a new version of LMP! Please download it! Current: 0.29.1 Latest: 0.29.2
[09:45:39][Debug]: Your version is compatible with the latest version so you will still be listed in the master servers.
[09:46:09][Warning]: There is a new version of LMP! Please download it! Current: 0.29.1 Latest: 0.29.2
[09:46:09][Debug]: Your version is compatible with the latest version so you will still be listed in the master servers.
[09:46:39][Warning]: There is a new version of LMP! Please download it! Current: 0.29.1 Latest: 0.29.2
[09:46:39][Debug]: Your version is compatible with the latest version so you will still be listed in the master servers.
[09:47:09][Warning]: There is a new version of LMP! Please download it! Current: 0.29.1 Latest: 0.29.2
[09:47:09][Debug]: Your version is compatible with the latest version so you will still be listed in the master servers.
[09:47:39][Warning]: There is a new version of LMP! Please download it! Current: 0.29.1 Latest: 0.29.2
[09:47:39][Debug]: Your version is compatible with the latest version so you will still be listed in the master servers.
[09:48:09][Warning]: There is a new version of LMP! Please download it! Current: 0.29.1 Latest: 0.29.2
[09:48:09][Debug]: Your version is compatible with the latest version so you will still be listed in the master servers.
[09:48:39][Warning]: There is a new version of LMP! Please download it! Current: 0.29.1 Latest: 0.29.2
[09:48:39][Debug]: Your version is compatible with the latest version so you will still be listed in the master servers.
[09:49:09][Warning]: There is a new version of LMP! Please download it! Current: 0.29.1 Latest: 0.29.2
[09:49:09][Debug]: Your version is compatible with the latest version so you will still be listed in the master servers.
[09:49:39][Warning]: There is a new version of LMP! Please download it! Current: 0.29.1 Latest: 0.29.2
[09:49:39][Debug]: Your version is compatible with the latest version so you will still be listed in the master servers.
[09:50:09][Warning]: There is a new version of LMP! Please download it! Current: 0.29.1 Latest: 0.29.2
[09:50:09][Debug]: Your version is compatible with the latest version so you will still be listed in the master servers.
[09:50:39][Warning]: There is a new version of LMP! Please download it! Current: 0.29.1 Latest: 0.29.2
[09:50:39][Debug]: Your version is compatible with the latest version so you will still be listed in the master servers.
[09:51:09][Warning]: There is a new version of LMP! Please download it! Current: 0.29.1 Latest: 0.29.2
[09:51:09][Debug]: Your version is compatible with the latest version so you will still be listed in the master servers.
[09:51:39][Warning]: There is a new version of LMP! Please download it! Current: 0.29.1 Latest: 0.29.2
[09:51:39][Debug]: Your version is compatible with the latest version so you will still be listed in the master servers.
[09:52:09][Warning]: There is a new version of LMP! Please download it! Current: 0.29.1 Latest: 0.29.2
[09:52:09][Debug]: Your version is compatible with the latest version so you will still be listed in the master servers.
[09:52:39][Warning]: There is a new version of LMP! Please download it! Current: 0.29.1 Latest: 0.29.2
[09:52:39][Debug]: Your version is compatible with the latest version so you will still be listed in the master servers.
[09:53:09][Warning]: There is a new version of LMP! Please download it! Current: 0.29.1 Latest: 0.29.2
[09:53:09][Debug]: Your version is compatible with the latest version so you will still be listed in the master servers.
[09:53:39][Warning]: There is a new version of LMP! Please download it! Current: 0.29.1 Latest: 0.29.2
[09:53:39][Debug]: Your version is compatible with the latest version so you will still be listed in the master servers.
[09:54:09][Warning]: There is a new version of LMP! Please download it! Current: 0.29.1 Latest: 0.29.2
[09:54:09][Debug]: Your version is compatible with the latest version so you will still be listed in the master servers.
[09:54:39][Warning]: There is a new version of LMP! Please download it! Current: 0.29.1 Latest: 0.29.2
[09:54:39][Debug]: Your version is compatible with the latest version so you will still be listed in the master servers.
[09:55:09][Warning]: There is a new version of LMP! Please download it! Current: 0.29.1 Latest: 0.29.2
[09:55:09][Debug]: Your version is compatible with the latest version so you will still be listed in the master servers.
[09:55:39][Warning]: There is a new version of LMP! Please download it! Current: 0.29.1 Latest: 0.29.2
[09:55:39][Debug]: Your version is compatible with the latest version so you will still be listed in the master servers.
[09:56:09][Warning]: There is a new version of LMP! Please download it! Current: 0.29.1 Latest: 0.29.2
[09:56:09][Debug]: Your version is compatible with the latest version so you will still be listed in the master servers.
[09:56:39][Warning]: There is a new version of LMP! Please download it! Current: 0.29.1 Latest: 0.29.2
[09:56:39][Debug]: Your version is compatible with the latest version so you will still be listed in the master servers.
[09:57:09][Warning]: There is a new version of LMP! Please download it! Current: 0.29.1 Latest: 0.29.2
[09:57:09][Debug]: Your version is compatible with the latest version so you will still be listed in the master servers.
[09:57:39][Warning]: There is a new version of LMP! Please download it! Current: 0.29.1 Latest: 0.29.2
[09:57:39][Debug]: Your version is compatible with the latest version so you will still be listed in the master servers.
[09:58:09][Warning]: There is a new version of LMP! Please download it! Current: 0.29.1 Latest: 0.29.2
[09:58:09][Debug]: Your version is compatible with the latest version so you will still be listed in the master servers.
[09:58:39][Warning]: There is a new version of LMP! Please download it! Current: 0.29.1 Latest: 0.29.2
[09:58:39][Debug]: Your version is compatible with the latest version so you will still be listed in the master servers.
[09:59:09][Warning]: There is a new version of LMP! Please download it! Current: 0.29.1 Latest: 0.29.2
[09:59:09][Debug]: Your version is compatible with the latest version so you will still be listed in the master servers.
[09:59:39][Warning]: There is a new version of LMP! Please download it! Current: 0.29.1 Latest: 0.29.2
[09:59:39][Debug]: Your version is compatible with the latest version so you will still be listed in the master servers.
[10:00:09][Warning]: There is a new version of LMP! Please download it! Current: 0.29.1 Latest: 0.29.2
[10:00:09][Debug]: Your version is compatible with the latest version so you will still be listed in the master servers.
[10:00:39][Warning]: There is a new version of LMP! Please download it! Current: 0.29.1 Latest: 0.29.2
[10:00:39][Debug]: Your version is compatible with the latest version so you will still be listed in the master servers.
[10:01:09][Warning]: There is a new version of LMP! Please download it! Current: 0.29.1 Latest: 0.29.2
[10:01:09][Debug]: Your version is compatible with the latest version so you will still be listed in the master servers.
[10:01:39][Warning]: There is a new version of LMP! Please download it! Current: 0.29.1 Latest: 0.29.2
[10:01:39][Debug]: Your version is compatible with the latest version so you will still be listed in the master servers.
[10:02:09][Warning]: There is a new version of LMP! Please download it! Current: 0.29.1 Latest: 0.29.2
[10:02:09][Debug]: Your version is compatible with the latest version so you will still be listed in the master servers.
[10:02:39][Warning]: There is a new version of LMP! Please download it! Current: 0.29.1 Latest: 0.29.2
[10:02:39][Debug]: Your version is compatible with the latest version so you will still be listed in the master servers.
[10:03:09][Warning]: There is a new version of LMP! Please download it! Current: 0.29.1 Latest: 0.29.2
[10:03:09][Debug]: Your version is compatible with the latest version so you will still be listed in the master servers.
[10:03:39][Warning]: There is a new version of LMP! Please download it! Current: 0.29.1 Latest: 0.29.2
[10:03:39][Debug]: Your version is compatible with the latest version so you will still be listed in the master servers.
[10:04:09][Warning]: There is a new version of LMP! Please download it! Current: 0.29.1 Latest: 0.29.2
[10:04:09][Debug]: Your version is compatible with the latest version so you will still be listed in the master servers.
[10:04:39][Warning]: There is a new version of LMP! Please download it! Current: 0.29.1 Latest: 0.29.2
[10:04:39][Debug]: Your version is compatible with the latest version so you will still be listed in the master servers.
[10:05:09][Warning]: There is a new version of LMP! Please download it! Current: 0.29.1 Latest: 0.29.2
[10:05:09][Debug]: Your version is compatible with the latest version so you will still be listed in the master servers.
[10:05:39][Warning]: There is a new version of LMP! Please download it! Current: 0.29.1 Latest: 0.29.2
[10:05:39][Debug]: Your version is compatible with the latest version so you will still be listed in the master servers.
[10:06:09][Warning]: There is a new version of LMP! Please download it! Current: 0.29.1 Latest: 0.29.2
[10:06:09][Debug]: Your version is compatible with the latest version so you will still be listed in the master servers.
[10:06:39][Warning]: There is a new version of LMP! Please download it! Current: 0.29.1 Latest: 0.29.2
[10:06:39][Debug]: Your version is compatible with the latest version so you will still be listed in the master servers.
[10:07:09][Warning]: There is a new version of LMP! Please download it! Current: 0.29.1 Latest: 0.29.2
[10:07:09][Debug]: Your version is compatible with the latest version so you will still be listed in the master servers.
[10:07:39][Warning]: There is a new version of LMP! Please download it! Current: 0.29.1 Latest: 0.29.2
[10:07:39][Debug]: Your version is compatible with the latest version so you will still be listed in the master servers.
[10:08:09][Warning]: There is a new version of LMP! Please download it! Current: 0.29.1 Latest: 0.29.2
[10:08:09][Debug]: Your version is compatible with the latest version so you will still be listed in the master servers.
[10:08:39][Warning]: There is a new version of LMP! Please download it! Current: 0.29.1 Latest: 0.29.2
[10:08:39][Debug]: Your version is compatible with the latest version so you will still be listed in the master servers.
[10:09:09][Warning]: There is a new version of LMP! Please download it! Current: 0.29.1 Latest: 0.29.2
[10:09:09][Debug]: Your version is compatible with the latest version so you will still be listed in the master servers.
[10:09:39][Warning]: There is a new version of LMP! Please download it! Current: 0.29.1 Latest: 0.29.2
[10:09:39][Debug]: Your version is compatible with the latest version so you will still be listed in the master servers.
[10:10:09][Warning]: There is a new version of LMP! Please download it! Current: 0.29.1 Latest: 0.29.2
[10:10:09][Debug]: Your version is compatible with the latest version so you will still be listed in the master servers.
[10:10:39][Warning]: There is a new version of LMP! Please download it! Current: 0.29.1 Latest: 0.29.2
[10:10:39][Debug]: Your version is compatible with the latest version so you will still be listed in the master servers.
[10:11:09][Warning]: There is a new version of LMP! Please download it! Current: 0.29.1 Latest: 0.29.2
[10:11:09][Debug]: Your version is compatible with the latest version so you will still be listed in the master servers.
[10:11:39][Warning]: There is a new version of LMP! Please download it! Current: 0.29.1 Latest: 0.29.2
[10:11:39][Debug]: Your version is compatible with the latest version so you will still be listed in the master servers.
[10:12:09][Warning]: There is a new version of LMP! Please download it! Current: 0.29.1 Latest: 0.29.2
[10:12:09][Debug]: Your version is compatible with the latest version so you will still be listed in the master servers.
[10:12:39][Warning]: There is a new version of LMP! Please download it! Current: 0.29.1 Latest: 0.29.2
[10:12:39][Debug]: Your version is compatible with the latest version so you will still be listed in the master servers.
