[07:29:25][Info]: Remember! Quit the server by using 'Control + C' so a backup is properly made before closing!
[07:29:25][Info]: Documentation available at https://github.com/LunaMultiplayer/LunaMultiplayer/wiki
[07:29:25][LMP]: Luna Server version: 0.29.1 (e:\daima\ml\tools\lmp_server\LMPServer\)
[07:29:25][Debug]: Loading universe... 0.62KB
[07:29:25][Debug]: Loading groups...
[07:29:25][Debug]: Loading settings...
[07:29:26][Warning]: Default server name detected! Consider changing it in GeneralSettings.xml.
[07:29:26][Warning]: Default server description detected! Consider changing it in GeneralSettings.xml.
[07:29:26][Debug]: Loading mod control...
[07:29:26][Debug]: Loading plugins...
[07:29:26][LMP]: Starting 'Luna Server' on Address :: Port 8800... 
[07:29:31][LMP]: Master server registration is active
[07:29:31][LMP]: All systems up and running. Поехали!
[07:29:34][Debug]: Detected NAT addresses: 
[07:30:01][Warning]: There is a new version of LMP! Please download it! Current: 0.29.1 Latest: 0.29.2
[07:30:01][Debug]: Your version is compatible with the latest version so you will still be listed in the master servers.
[07:30:31][Warning]: There is a new version of LMP! Please download it! Current: 0.29.1 Latest: 0.29.2
[07:30:31][Debug]: Your version is compatible with the latest version so you will still be listed in the master servers.
[07:31:01][Warning]: There is a new version of LMP! Please download it! Current: 0.29.1 Latest: 0.29.2
[07:31:01][Debug]: Your version is compatible with the latest version so you will still be listed in the master servers.
[07:31:31][Warning]: There is a new version of LMP! Please download it! Current: 0.29.1 Latest: 0.29.2
[07:31:31][Debug]: Your version is compatible with the latest version so you will still be listed in the master servers.
[07:32:01][Warning]: There is a new version of LMP! Please download it! Current: 0.29.1 Latest: 0.29.2
[07:32:01][Debug]: Your version is compatible with the latest version so you will still be listed in the master servers.
[07:32:31][Warning]: There is a new version of LMP! Please download it! Current: 0.29.1 Latest: 0.29.2
[07:32:31][Debug]: Your version is compatible with the latest version so you will still be listed in the master servers.
[07:33:01][Warning]: There is a new version of LMP! Please download it! Current: 0.29.1 Latest: 0.29.2
[07:33:01][Debug]: Your version is compatible with the latest version so you will still be listed in the master servers.
[07:33:31][Warning]: There is a new version of LMP! Please download it! Current: 0.29.1 Latest: 0.29.2
[07:33:31][Debug]: Your version is compatible with the latest version so you will still be listed in the master servers.
[07:34:01][Warning]: There is a new version of LMP! Please download it! Current: 0.29.1 Latest: 0.29.2
[07:34:01][Debug]: Your version is compatible with the latest version so you will still be listed in the master servers.
[07:34:31][Warning]: There is a new version of LMP! Please download it! Current: 0.29.1 Latest: 0.29.2
[07:34:31][Debug]: Your version is compatible with the latest version so you will still be listed in the master servers.
[07:35:02][Warning]: There is a new version of LMP! Please download it! Current: 0.29.1 Latest: 0.29.2
[07:35:02][Debug]: Your version is compatible with the latest version so you will still be listed in the master servers.
[07:35:32][Warning]: There is a new version of LMP! Please download it! Current: 0.29.1 Latest: 0.29.2
[07:35:32][Debug]: Your version is compatible with the latest version so you will still be listed in the master servers.
[07:36:02][Warning]: There is a new version of LMP! Please download it! Current: 0.29.1 Latest: 0.29.2
[07:36:02][Debug]: Your version is compatible with the latest version so you will still be listed in the master servers.
[07:36:32][Warning]: There is a new version of LMP! Please download it! Current: 0.29.1 Latest: 0.29.2
[07:36:32][Debug]: Your version is compatible with the latest version so you will still be listed in the master servers.
[07:37:02][Warning]: There is a new version of LMP! Please download it! Current: 0.29.1 Latest: 0.29.2
[07:37:02][Debug]: Your version is compatible with the latest version so you will still be listed in the master servers.
[07:37:32][Warning]: There is a new version of LMP! Please download it! Current: 0.29.1 Latest: 0.29.2
[07:37:32][Debug]: Your version is compatible with the latest version so you will still be listed in the master servers.
[07:38:02][Warning]: There is a new version of LMP! Please download it! Current: 0.29.1 Latest: 0.29.2
[07:38:02][Debug]: Your version is compatible with the latest version so you will still be listed in the master servers.
[07:38:32][Warning]: There is a new version of LMP! Please download it! Current: 0.29.1 Latest: 0.29.2
[07:38:32][Debug]: Your version is compatible with the latest version so you will still be listed in the master servers.
[07:39:02][Warning]: There is a new version of LMP! Please download it! Current: 0.29.1 Latest: 0.29.2
[07:39:02][Debug]: Your version is compatible with the latest version so you will still be listed in the master servers.
[07:39:25][Debug]: Deleting saved log 'CraftCreationAndRemoval', reason: Expired!
[07:39:25][Error]: Exception while trying to delete 'e:\daima\ml\tools\lmp_server\LMPServer\logs\CraftCreationAndRemoval.txt'!, Exception: The process cannot access the file 'e:\daima\ml\tools\lmp_server\LMPServer\logs\CraftCreationAndRemoval.txt' because it is being used by another process.
[07:39:32][Warning]: There is a new version of LMP! Please download it! Current: 0.29.1 Latest: 0.29.2
[07:39:32][Debug]: Your version is compatible with the latest version so you will still be listed in the master servers.
[07:40:02][Warning]: There is a new version of LMP! Please download it! Current: 0.29.1 Latest: 0.29.2
[07:40:02][Debug]: Your version is compatible with the latest version so you will still be listed in the master servers.
[07:40:32][Warning]: There is a new version of LMP! Please download it! Current: 0.29.1 Latest: 0.29.2
[07:40:32][Debug]: Your version is compatible with the latest version so you will still be listed in the master servers.
[07:41:02][Warning]: There is a new version of LMP! Please download it! Current: 0.29.1 Latest: 0.29.2
[07:41:02][Debug]: Your version is compatible with the latest version so you will still be listed in the master servers.
[07:41:32][Warning]: There is a new version of LMP! Please download it! Current: 0.29.1 Latest: 0.29.2
[07:41:32][Debug]: Your version is compatible with the latest version so you will still be listed in the master servers.
[07:42:02][Warning]: There is a new version of LMP! Please download it! Current: 0.29.1 Latest: 0.29.2
[07:42:02][Debug]: Your version is compatible with the latest version so you will still be listed in the master servers.
[07:42:32][Warning]: There is a new version of LMP! Please download it! Current: 0.29.1 Latest: 0.29.2
[07:42:32][Debug]: Your version is compatible with the latest version so you will still be listed in the master servers.
[07:43:02][Warning]: There is a new version of LMP! Please download it! Current: 0.29.1 Latest: 0.29.2
[07:43:02][Debug]: Your version is compatible with the latest version so you will still be listed in the master servers.
[07:43:32][Warning]: There is a new version of LMP! Please download it! Current: 0.29.1 Latest: 0.29.2
[07:43:32][Debug]: Your version is compatible with the latest version so you will still be listed in the master servers.
[07:44:02][Warning]: There is a new version of LMP! Please download it! Current: 0.29.1 Latest: 0.29.2
[07:44:02][Debug]: Your version is compatible with the latest version so you will still be listed in the master servers.
[07:44:32][Warning]: There is a new version of LMP! Please download it! Current: 0.29.1 Latest: 0.29.2
[07:44:32][Debug]: Your version is compatible with the latest version so you will still be listed in the master servers.
[07:45:01][LMP]: Exiting... Please wait until all threads are finished
