[10:58:02][Info]: Remember! Quit the server by using 'Control + C' so a backup is properly made before closing!
[10:58:02][Info]: Documentation available at https://github.com/LunaMultiplayer/LunaMultiplayer/wiki
[10:58:02][LMP]: Luna Server version: 0.29.1 (e:\daima\ml\tools\lmp_server\LMPServer\)
[10:58:02][Debug]: Loading universe... 0.62KB
[10:58:02][Debug]: Loading groups...
[10:58:02][Debug]: Loading settings...
[10:58:02][Info]: Your GameplaySettings file is different than your GeneralSettings - Difficulty value. So the difficulty setting will be set as "Custom". In case you want to use the default setting values for Normal. Remove the GameplaySettings.xml file so it's recreated again
[10:58:02][Warning]: Default server name detected! Consider changing it in GeneralSettings.xml.
[10:58:02][Warning]: Default server description detected! Consider changing it in GeneralSettings.xml.
[10:58:02][Debug]: Loading mod control...
[10:58:02][Debug]: Loading plugins...
[10:58:02][LMP]: Starting 'Luna Server' on Address [::] Port 8801... 
[10:58:07][LMP]: Master server registration is active
[10:58:07][LMP]: All systems up and running. Поехали!
[10:58:09][Debug]: Detected NAT addresses: 
[10:58:37][Warning]: There is a new version of LMP! Please download it! Current: 0.29.1 Latest: 0.29.2
[10:58:37][Debug]: Your version is compatible with the latest version so you will still be listed in the master servers.
[10:59:07][Warning]: There is a new version of LMP! Please download it! Current: 0.29.1 Latest: 0.29.2
[10:59:07][Debug]: Your version is compatible with the latest version so you will still be listed in the master servers.
[10:59:37][Warning]: There is a new version of LMP! Please download it! Current: 0.29.1 Latest: 0.29.2
[10:59:37][Debug]: Your version is compatible with the latest version so you will still be listed in the master servers.
[11:00:07][Warning]: There is a new version of LMP! Please download it! Current: 0.29.1 Latest: 0.29.2
[11:00:07][Debug]: Your version is compatible with the latest version so you will still be listed in the master servers.
[11:00:37][Warning]: There is a new version of LMP! Please download it! Current: 0.29.1 Latest: 0.29.2
[11:00:37][Debug]: Your version is compatible with the latest version so you will still be listed in the master servers.
[11:01:07][Warning]: There is a new version of LMP! Please download it! Current: 0.29.1 Latest: 0.29.2
[11:01:07][Debug]: Your version is compatible with the latest version so you will still be listed in the master servers.
[11:01:37][Warning]: There is a new version of LMP! Please download it! Current: 0.29.1 Latest: 0.29.2
[11:01:37][Debug]: Your version is compatible with the latest version so you will still be listed in the master servers.
[11:02:07][Warning]: There is a new version of LMP! Please download it! Current: 0.29.1 Latest: 0.29.2
[11:02:07][Debug]: Your version is compatible with the latest version so you will still be listed in the master servers.
