[05:57:35][Info]: Remember! Quit the server by using 'Control + C' so a backup is properly made before closing!
[05:57:35][Info]: Documentation available at https://github.com/LunaMultiplayer/LunaMultiplayer/wiki
[05:57:35][LMP]: Luna Server version: 0.29.1 (E:\daima\ml\tools\lmp_server\LMPServer\)
[05:57:35][Debug]: Loading universe... 0.62KB
[05:57:35][Debug]: Loading groups...
[05:57:35][Debug]: Loading settings...
[05:57:35][Warning]: Default server name detected! Consider changing it in GeneralSettings.xml.
[05:57:35][Warning]: Default server description detected! Consider changing it in GeneralSettings.xml.
[05:57:35][Debug]: Loading mod control...
[05:57:35][Debug]: Loading plugins...
[05:57:35][LMP]: Starting 'Luna Server' on Address :: Port 8800... 
[05:57:41][LMP]: All systems up and running. Поехали!
[05:57:41][LMP]: Master server registration is active
[05:57:41][LMP]: End of stdin, stopping command listener
[05:57:43][Debug]: Detected NAT addresses: 
[05:58:11][Warning]: There is a new version of LMP! Please download it! Current: 0.29.1 Latest: 0.29.2
[05:58:11][Debug]: Your version is compatible with the latest version so you will still be listed in the master servers.
[05:58:41][Warning]: There is a new version of LMP! Please download it! Current: 0.29.1 Latest: 0.29.2
[05:58:41][Debug]: Your version is compatible with the latest version so you will still be listed in the master servers.
[05:59:11][Warning]: There is a new version of LMP! Please download it! Current: 0.29.1 Latest: 0.29.2
[05:59:11][Debug]: Your version is compatible with the latest version so you will still be listed in the master servers.
[05:59:41][Warning]: There is a new version of LMP! Please download it! Current: 0.29.1 Latest: 0.29.2
[05:59:41][Debug]: Your version is compatible with the latest version so you will still be listed in the master servers.
[06:00:11][Warning]: There is a new version of LMP! Please download it! Current: 0.29.1 Latest: 0.29.2
[06:00:11][Debug]: Your version is compatible with the latest version so you will still be listed in the master servers.
[06:00:41][Warning]: There is a new version of LMP! Please download it! Current: 0.29.1 Latest: 0.29.2
[06:00:41][Debug]: Your version is compatible with the latest version so you will still be listed in the master servers.
[06:01:11][Warning]: There is a new version of LMP! Please download it! Current: 0.29.1 Latest: 0.29.2
[06:01:11][Debug]: Your version is compatible with the latest version so you will still be listed in the master servers.
[06:01:41][Warning]: There is a new version of LMP! Please download it! Current: 0.29.1 Latest: 0.29.2
[06:01:41][Debug]: Your version is compatible with the latest version so you will still be listed in the master servers.
[06:02:11][Warning]: There is a new version of LMP! Please download it! Current: 0.29.1 Latest: 0.29.2
[06:02:11][Debug]: Your version is compatible with the latest version so you will still be listed in the master servers.
[06:02:41][Warning]: There is a new version of LMP! Please download it! Current: 0.29.1 Latest: 0.29.2
[06:02:41][Debug]: Your version is compatible with the latest version so you will still be listed in the master servers.
[06:03:11][Warning]: There is a new version of LMP! Please download it! Current: 0.29.1 Latest: 0.29.2
[06:03:11][Debug]: Your version is compatible with the latest version so you will still be listed in the master servers.
[06:03:41][Warning]: There is a new version of LMP! Please download it! Current: 0.29.1 Latest: 0.29.2
[06:03:41][Debug]: Your version is compatible with the latest version so you will still be listed in the master servers.
[06:04:11][Warning]: There is a new version of LMP! Please download it! Current: 0.29.1 Latest: 0.29.2
[06:04:11][Debug]: Your version is compatible with the latest version so you will still be listed in the master servers.
[06:04:41][Warning]: There is a new version of LMP! Please download it! Current: 0.29.1 Latest: 0.29.2
[06:04:41][Debug]: Your version is compatible with the latest version so you will still be listed in the master servers.
[06:05:11][Warning]: There is a new version of LMP! Please download it! Current: 0.29.1 Latest: 0.29.2
[06:05:11][Debug]: Your version is compatible with the latest version so you will still be listed in the master servers.
[06:05:41][Warning]: There is a new version of LMP! Please download it! Current: 0.29.1 Latest: 0.29.2
[06:05:41][Debug]: Your version is compatible with the latest version so you will still be listed in the master servers.
[06:06:11][Warning]: There is a new version of LMP! Please download it! Current: 0.29.1 Latest: 0.29.2
[06:06:11][Debug]: Your version is compatible with the latest version so you will still be listed in the master servers.
[06:06:41][Warning]: There is a new version of LMP! Please download it! Current: 0.29.1 Latest: 0.29.2
[06:06:41][Debug]: Your version is compatible with the latest version so you will still be listed in the master servers.
[06:07:11][Warning]: There is a new version of LMP! Please download it! Current: 0.29.1 Latest: 0.29.2
[06:07:11][Debug]: Your version is compatible with the latest version so you will still be listed in the master servers.
